Copyright 1986-2022 Xilinx, Inc. All Rights Reserved. Copyright 2022-2026 Advanced Micro Devices, Inc. All Rights Reserved.
---------------------------------------------------------------------------------------------------------------------------------------------
| Tool Version : Vivado v.2026.1 (win64) Build 6511674 Tue Jun 16 11:02:23 MDT 2026
| Date         : Tue Sep 15 21:10:50 2026
| Host         : HP_PAVILLION running 64-bit major release  (build 9200)
| Command      : report_timing -max_paths 20 -sort_by group -file {C:/Users/Test/Vivado_projects/4-bit ALU Design/reports/timing_paths.rpt}
| Design       : logic_unit
| Device       : 7a35t-cpg236
| Speed File   : -1  PRODUCTION 1.23 2018-06-13
| Design State : Routed
---------------------------------------------------------------------------------------------------------------------------------------------

Timing Report

Slack:                    inf
  Source:                 sel[2]
                            (input port)
  Destination:            zero
                            (output port)
  Path Group:             (none)
  Path Type:              Max at Slow Process Corner
  Data Path Delay:        7.922ns  (logic 3.798ns (47.948%)  route 4.124ns (52.052%))
  Logic Levels:           4  (IBUF=1 LUT4=1 LUT5=1 OBUF=1)

    Location             Delay type                Incr(ns)  Path(ns)    Netlist Resource(s)
  -------------------------------------------------------------------    -------------------
    W16                                               0.000     0.000 r  sel[2]
                         net (fo=0)                   0.000     0.000    sel[2]
    W16                  IBUF (Prop_ibuf_I_O)         0.949     0.949 r  sel_IBUF[2]_inst/O
                         net (fo=4, routed)           1.442     2.391    sel_IBUF[2]
    SLICE_X0Y7           LUT5 (Prop_lut5_I1_O)        0.124     2.515 f  result_OBUF[3]_inst_i_1/O
                         net (fo=2, routed)           0.973     3.487    result_OBUF[3]
    SLICE_X0Y11          LUT4 (Prop_lut4_I1_O)        0.124     3.611 r  zero_OBUF_inst_i_1/O
                         net (fo=1, routed)           1.709     5.320    zero_OBUF
    T18                  OBUF (Prop_obuf_I_O)         2.602     7.922 r  zero_OBUF_inst/O
                         net (fo=0)                   0.000     7.922    zero
    T18                                                               r  zero
  -------------------------------------------------------------------    -------------------

Slack:                    inf
  Source:                 b[2]
                            (input port)
  Destination:            result[2]
                            (output port)
  Path Group:             (none)
  Path Type:              Max at Slow Process Corner
  Data Path Delay:        7.278ns  (logic 3.657ns (50.244%)  route 3.621ns (49.756%))
  Logic Levels:           3  (IBUF=1 LUT5=1 OBUF=1)

    Location             Delay type                Incr(ns)  Path(ns)    Netlist Resource(s)
  -------------------------------------------------------------------    -------------------
    W13                                               0.000     0.000 r  b[2]
                         net (fo=0)                   0.000     0.000    b[2]
    W13                  IBUF (Prop_ibuf_I_O)         0.944     0.944 r  b_IBUF[2]_inst/O
                         net (fo=1, routed)           1.503     2.447    b_IBUF[2]
    SLICE_X0Y7           LUT5 (Prop_lut5_I4_O)        0.124     2.571 r  result_OBUF[2]_inst_i_1/O
                         net (fo=2, routed)           2.119     4.689    result_OBUF[2]
    U18                  OBUF (Prop_obuf_I_O)         2.589     7.278 r  result_OBUF[2]_inst/O
                         net (fo=0)                   0.000     7.278    result[2]
    U18                                                               r  result[2]
  -------------------------------------------------------------------    -------------------

Slack:                    inf
  Source:                 sel[2]
                            (input port)
  Destination:            result[3]
                            (output port)
  Path Group:             (none)
  Path Type:              Max at Slow Process Corner
  Data Path Delay:        7.275ns  (logic 3.673ns (50.486%)  route 3.602ns (49.514%))
  Logic Levels:           3  (IBUF=1 LUT5=1 OBUF=1)

    Location             Delay type                Incr(ns)  Path(ns)    Netlist Resource(s)
  -------------------------------------------------------------------    -------------------
    W16                                               0.000     0.000 r  sel[2]
                         net (fo=0)                   0.000     0.000    sel[2]
    W16                  IBUF (Prop_ibuf_I_O)         0.949     0.949 r  sel_IBUF[2]_inst/O
                         net (fo=4, routed)           1.442     2.391    sel_IBUF[2]
    SLICE_X0Y7           LUT5 (Prop_lut5_I1_O)        0.124     2.515 r  result_OBUF[3]_inst_i_1/O
                         net (fo=2, routed)           2.160     4.675    result_OBUF[3]
    U17                  OBUF (Prop_obuf_I_O)         2.600     7.275 r  result_OBUF[3]_inst/O
                         net (fo=0)                   0.000     7.275    result[3]
    U17                                                               r  result[3]
  -------------------------------------------------------------------    -------------------

Slack:                    inf
  Source:                 a[0]
                            (input port)
  Destination:            result[0]
                            (output port)
  Path Group:             (none)
  Path Type:              Max at Slow Process Corner
  Data Path Delay:        7.108ns  (logic 3.661ns (51.509%)  route 3.447ns (48.491%))
  Logic Levels:           3  (IBUF=1 LUT5=1 OBUF=1)

    Location             Delay type                Incr(ns)  Path(ns)    Netlist Resource(s)
  -------------------------------------------------------------------    -------------------
    U14                                               0.000     0.000 r  a[0]
                         net (fo=0)                   0.000     0.000    a[0]
    U14                  IBUF (Prop_ibuf_I_O)         0.936     0.936 r  a_IBUF[0]_inst/O
                         net (fo=1, routed)           1.486     2.422    a_IBUF[0]
    SLICE_X0Y7           LUT5 (Prop_lut5_I3_O)        0.124     2.546 r  result_OBUF[0]_inst_i_1/O
                         net (fo=2, routed)           1.961     4.507    result_OBUF[0]
    V17                  OBUF (Prop_obuf_I_O)         2.601     7.108 r  result_OBUF[0]_inst/O
                         net (fo=0)                   0.000     7.108    result[0]
    V17                                                               r  result[0]
  -------------------------------------------------------------------    -------------------

Slack:                    inf
  Source:                 sel[2]
                            (input port)
  Destination:            result[1]
                            (output port)
  Path Group:             (none)
  Path Type:              Max at Slow Process Corner
  Data Path Delay:        7.062ns  (logic 3.682ns (52.134%)  route 3.381ns (47.866%))
  Logic Levels:           3  (IBUF=1 LUT5=1 OBUF=1)

    Location             Delay type                Incr(ns)  Path(ns)    Netlist Resource(s)
  -------------------------------------------------------------------    -------------------
    W16                                               0.000     0.000 r  sel[2]
                         net (fo=0)                   0.000     0.000    sel[2]
    W16                  IBUF (Prop_ibuf_I_O)         0.949     0.949 r  sel_IBUF[2]_inst/O
                         net (fo=4, routed)           1.405     2.353    sel_IBUF[2]
    SLICE_X0Y7           LUT5 (Prop_lut5_I1_O)        0.124     2.477 r  result_OBUF[1]_inst_i_1/O
                         net (fo=2, routed)           1.976     4.453    result_OBUF[1]
    V16                  OBUF (Prop_obuf_I_O)         2.609     7.062 r  result_OBUF[1]_inst/O
                         net (fo=0)                   0.000     7.062    result[1]
    V16                                                               r  result[1]
  -------------------------------------------------------------------    -------------------




