Copyright 1986-2022 Xilinx, Inc. All Rights Reserved. Copyright 2022-2026 Advanced Micro Devices, Inc. All Rights Reserved.
------------------------------------------------------------------------------------------------------------------------------------------------------------------------------------------------------------------------------------------
| Tool Version : Vivado v.2026.1 (win64) Build 6511674 Tue Jun 16 11:02:23 MDT 2026
| Date         : Tue Sep 15 21:06:26 2026
| Host         : HP_PAVILLION running 64-bit major release  (build 9200)
| Command      : report_timing_summary -max_paths 10 -routable_nets -report_unconstrained -file logic_unit_timing_summary_routed.rpt -pb logic_unit_timing_summary_routed.pb -rpx logic_unit_timing_summary_routed.rpx -warn_on_violation
| Design       : logic_unit
| Device       : 7a35t-cpg236
| Speed File   : -1  PRODUCTION 1.23 2018-06-13
| Design State : Routed
------------------------------------------------------------------------------------------------------------------------------------------------------------------------------------------------------------------------------------------

Timing Summary Report

------------------------------------------------------------------------------------------------
| Timer Settings
| --------------
------------------------------------------------------------------------------------------------

  Enable Multi Corner Analysis               :  Yes
  Enable Pessimism Removal                   :  Yes
  Pessimism Removal Resolution               :  Nearest Common Node
  Enable Input Delay Default Clock           :  No
  Enable Preset / Clear Arcs                 :  No
  Disable Flight Delays                      :  No
  Ignore I/O Paths                           :  No
  Timing Early Launch at Borrowing Latches   :  No
  Borrow Time for Max Delay Exceptions       :  Yes
  Merge Timing Exceptions                    :  Yes
  Inter-SLR Compensation                     :  Conservative

  Corner  Analyze    Analyze    
  Name    Max Paths  Min Paths  
  ------  ---------  ---------  
  Slow    Yes        Yes        
  Fast    Yes        Yes        


------------------------------------------------------------------------------------------------
| Report Methodology
| ------------------
------------------------------------------------------------------------------------------------

No report available as report_methodology has not been run prior. Run report_methodology on the current design for the summary of methodology violations.



check_timing report

Table of Contents
-----------------
1. checking no_clock (0)
2. checking constant_clock (0)
3. checking pulse_width_clock (0)
4. checking unconstrained_internal_endpoints (0)
5. checking no_input_delay (0)
6. checking no_output_delay (0)
7. checking multiple_clock (0)
8. checking generated_clocks (0)
9. checking loops (0)
10. checking partial_input_delay (0)
11. checking partial_output_delay (0)
12. checking latch_loops (0)

1. checking no_clock (0)
------------------------
 There are 0 register/latch pins with no clock.


2. checking constant_clock (0)
------------------------------
 There are 0 register/latch pins with constant_clock.


3. checking pulse_width_clock (0)
---------------------------------
 There are 0 register/latch pins which need pulse_width check


4. checking unconstrained_internal_endpoints (0)
------------------------------------------------
 There are 0 pins that are not constrained for maximum delay.

 There are 0 pins that are not constrained for maximum delay due to constant clock.


5. checking no_input_delay (0)
------------------------------
 There are 0 input ports with no input delay specified.

 There are 0 input ports with no input delay but user has a false path constraint.


6. checking no_output_delay (0)
-------------------------------
 There are 0 ports with no output delay specified.

 There are 0 ports with no output delay but user has a false path constraint

 There are 0 ports with no output delay but with a timing clock defined on it or propagating through it


7. checking multiple_clock (0)
------------------------------
 There are 0 register/latch pins with multiple clocks.


8. checking generated_clocks (0)
--------------------------------
 There are 0 generated clocks that are not connected to a clock source.


9. checking loops (0)
---------------------
 There are 0 combinational loops in the design.


10. checking partial_input_delay (0)
------------------------------------
 There are 0 input ports with partial input delay specified.


11. checking partial_output_delay (0)
-------------------------------------
 There are 0 ports with partial output delay specified.


12. checking latch_loops (0)
----------------------------
 There are 0 combinational latch loops in the design through latch input



------------------------------------------------------------------------------------------------
| Design Timing Summary
| ---------------------
------------------------------------------------------------------------------------------------

    WNS(ns)      TNS(ns)  TNS Failing Endpoints  TNS Total Endpoints      WHS(ns)      THS(ns)  THS Failing Endpoints  THS Total Endpoints     WPWS(ns)     TPWS(ns)  TPWS Failing Endpoints  TPWS Total Endpoints  
    -------      -------  ---------------------  -------------------      -------      -------  ---------------------  -------------------     --------     --------  ----------------------  --------------------  
        inf        0.000                      0                    5          inf        0.000                      0                    5           NA           NA                      NA                    NA  


There are no user specified timing constraints.


------------------------------------------------------------------------------------------------
| Clock Summary
| -------------
------------------------------------------------------------------------------------------------


------------------------------------------------------------------------------------------------
| Intra Clock Table
| -----------------
------------------------------------------------------------------------------------------------

Clock             WNS(ns)      TNS(ns)  TNS Failing Endpoints  TNS Total Endpoints      WHS(ns)      THS(ns)  THS Failing Endpoints  THS Total Endpoints     WPWS(ns)     TPWS(ns)  TPWS Failing Endpoints  TPWS Total Endpoints  
-----             -------      -------  ---------------------  -------------------      -------      -------  ---------------------  -------------------     --------     --------  ----------------------  --------------------  


------------------------------------------------------------------------------------------------
| Inter Clock Table
| -----------------
------------------------------------------------------------------------------------------------

From Clock    To Clock          WNS(ns)      TNS(ns)  TNS Failing Endpoints  TNS Total Endpoints      WHS(ns)      THS(ns)  THS Failing Endpoints  THS Total Endpoints  
----------    --------          -------      -------  ---------------------  -------------------      -------      -------  ---------------------  -------------------  


------------------------------------------------------------------------------------------------
| Other Path Groups Table
| -----------------------
------------------------------------------------------------------------------------------------

Path Group    From Clock    To Clock          WNS(ns)      TNS(ns)  TNS Failing Endpoints  TNS Total Endpoints      WHS(ns)      THS(ns)  THS Failing Endpoints  THS Total Endpoints  
----------    ----------    --------          -------      -------  ---------------------  -------------------      -------      -------  ---------------------  -------------------  


------------------------------------------------------------------------------------------------
| User Ignored Path Table
| -----------------------
------------------------------------------------------------------------------------------------

Path Group    From Clock    To Clock    
----------    ----------    --------    


------------------------------------------------------------------------------------------------
| Unconstrained Path Table
| ------------------------
------------------------------------------------------------------------------------------------

Path Group    From Clock    To Clock    
----------    ----------    --------    
(none)                                    


------------------------------------------------------------------------------------------------
| Timing Details
| --------------
------------------------------------------------------------------------------------------------


--------------------------------------------------------------------------------------
Path Group:  (none)
From Clock:  
  To Clock:  

Max Delay             5 Endpoints
Min Delay             5 Endpoints
--------------------------------------------------------------------------------------


Max Delay Paths
--------------------------------------------------------------------------------------
Slack:                    inf
  Source:                 sel[2]
                            (input port)
  Destination:            zero
                            (output port)
  Path Group:             (none)
  Path Type:              Max at Slow Process Corner
  Data Path Delay:        7.922ns  (logic 3.798ns (47.948%)  route 4.124ns (52.052%))
  Logic Levels:           4  (IBUF=1 LUT4=1 LUT5=1 OBUF=1)

    Location             Delay type                Incr(ns)  Path(ns)    Netlist Resource(s)
  -------------------------------------------------------------------    -------------------
    W16                                               0.000     0.000 r  sel[2]
                         net (fo=0)                   0.000     0.000    sel[2]
    W16                  IBUF (Prop_ibuf_I_O)         0.949     0.949 r  sel_IBUF[2]_inst/O
                         net (fo=4, routed)           1.442     2.391    sel_IBUF[2]
    SLICE_X0Y7           LUT5 (Prop_lut5_I1_O)        0.124     2.515 f  result_OBUF[3]_inst_i_1/O
                         net (fo=2, routed)           0.973     3.487    result_OBUF[3]
    SLICE_X0Y11          LUT4 (Prop_lut4_I1_O)        0.124     3.611 r  zero_OBUF_inst_i_1/O
                         net (fo=1, routed)           1.709     5.320    zero_OBUF
    T18                  OBUF (Prop_obuf_I_O)         2.602     7.922 r  zero_OBUF_inst/O
                         net (fo=0)                   0.000     7.922    zero
    T18                                                               r  zero
  -------------------------------------------------------------------    -------------------

Slack:                    inf
  Source:                 b[2]
                            (input port)
  Destination:            result[2]
                            (output port)
  Path Group:             (none)
  Path Type:              Max at Slow Process Corner
  Data Path Delay:        7.278ns  (logic 3.657ns (50.244%)  route 3.621ns (49.756%))
  Logic Levels:           3  (IBUF=1 LUT5=1 OBUF=1)

    Location             Delay type                Incr(ns)  Path(ns)    Netlist Resource(s)
  -------------------------------------------------------------------    -------------------
    W13                                               0.000     0.000 r  b[2]
                         net (fo=0)                   0.000     0.000    b[2]
    W13                  IBUF (Prop_ibuf_I_O)         0.944     0.944 r  b_IBUF[2]_inst/O
                         net (fo=1, routed)           1.503     2.447    b_IBUF[2]
    SLICE_X0Y7           LUT5 (Prop_lut5_I4_O)        0.124     2.571 r  result_OBUF[2]_inst_i_1/O
                         net (fo=2, routed)           2.119     4.689    result_OBUF[2]
    U18                  OBUF (Prop_obuf_I_O)         2.589     7.278 r  result_OBUF[2]_inst/O
                         net (fo=0)                   0.000     7.278    result[2]
    U18                                                               r  result[2]
  -------------------------------------------------------------------    -------------------

Slack:                    inf
  Source:                 sel[2]
                            (input port)
  Destination:            result[3]
                            (output port)
  Path Group:             (none)
  Path Type:              Max at Slow Process Corner
  Data Path Delay:        7.275ns  (logic 3.673ns (50.486%)  route 3.602ns (49.514%))
  Logic Levels:           3  (IBUF=1 LUT5=1 OBUF=1)

    Location             Delay type                Incr(ns)  Path(ns)    Netlist Resource(s)
  -------------------------------------------------------------------    -------------------
    W16                                               0.000     0.000 r  sel[2]
                         net (fo=0)                   0.000     0.000    sel[2]
    W16                  IBUF (Prop_ibuf_I_O)         0.949     0.949 r  sel_IBUF[2]_inst/O
                         net (fo=4, routed)           1.442     2.391    sel_IBUF[2]
    SLICE_X0Y7           LUT5 (Prop_lut5_I1_O)        0.124     2.515 r  result_OBUF[3]_inst_i_1/O
                         net (fo=2, routed)           2.160     4.675    result_OBUF[3]
    U17                  OBUF (Prop_obuf_I_O)         2.600     7.275 r  result_OBUF[3]_inst/O
                         net (fo=0)                   0.000     7.275    result[3]
    U17                                                               r  result[3]
  -------------------------------------------------------------------    -------------------

Slack:                    inf
  Source:                 a[0]
                            (input port)
  Destination:            result[0]
                            (output port)
  Path Group:             (none)
  Path Type:              Max at Slow Process Corner
  Data Path Delay:        7.108ns  (logic 3.661ns (51.509%)  route 3.447ns (48.491%))
  Logic Levels:           3  (IBUF=1 LUT5=1 OBUF=1)

    Location             Delay type                Incr(ns)  Path(ns)    Netlist Resource(s)
  -------------------------------------------------------------------    -------------------
    U14                                               0.000     0.000 r  a[0]
                         net (fo=0)                   0.000     0.000    a[0]
    U14                  IBUF (Prop_ibuf_I_O)         0.936     0.936 r  a_IBUF[0]_inst/O
                         net (fo=1, routed)           1.486     2.422    a_IBUF[0]
    SLICE_X0Y7           LUT5 (Prop_lut5_I3_O)        0.124     2.546 r  result_OBUF[0]_inst_i_1/O
                         net (fo=2, routed)           1.961     4.507    result_OBUF[0]
    V17                  OBUF (Prop_obuf_I_O)         2.601     7.108 r  result_OBUF[0]_inst/O
                         net (fo=0)                   0.000     7.108    result[0]
    V17                                                               r  result[0]
  -------------------------------------------------------------------    -------------------

Slack:                    inf
  Source:                 sel[2]
                            (input port)
  Destination:            result[1]
                            (output port)
  Path Group:             (none)
  Path Type:              Max at Slow Process Corner
  Data Path Delay:        7.062ns  (logic 3.682ns (52.134%)  route 3.381ns (47.866%))
  Logic Levels:           3  (IBUF=1 LUT5=1 OBUF=1)

    Location             Delay type                Incr(ns)  Path(ns)    Netlist Resource(s)
  -------------------------------------------------------------------    -------------------
    W16                                               0.000     0.000 r  sel[2]
                         net (fo=0)                   0.000     0.000    sel[2]
    W16                  IBUF (Prop_ibuf_I_O)         0.949     0.949 r  sel_IBUF[2]_inst/O
                         net (fo=4, routed)           1.405     2.353    sel_IBUF[2]
    SLICE_X0Y7           LUT5 (Prop_lut5_I1_O)        0.124     2.477 r  result_OBUF[1]_inst_i_1/O
                         net (fo=2, routed)           1.976     4.453    result_OBUF[1]
    V16                  OBUF (Prop_obuf_I_O)         2.609     7.062 r  result_OBUF[1]_inst/O
                         net (fo=0)                   0.000     7.062    result[1]
    V16                                                               r  result[1]
  -------------------------------------------------------------------    -------------------





Min Delay Paths
--------------------------------------------------------------------------------------
Slack:                    inf
  Source:                 sel[0]
                            (input port)
  Destination:            result[0]
                            (output port)
  Path Group:             (none)
  Path Type:              Min at Fast Process Corner
  Data Path Delay:        2.184ns  (logic 1.343ns (61.471%)  route 0.842ns (38.529%))
  Logic Levels:           3  (IBUF=1 LUT5=1 OBUF=1)

    Location             Delay type                Incr(ns)  Path(ns)    Netlist Resource(s)
  -------------------------------------------------------------------    -------------------
    V15                                               0.000     0.000 r  sel[0]
                         net (fo=0)                   0.000     0.000    sel[0]
    V15                  IBUF (Prop_ibuf_I_O)         0.180     0.180 r  sel_IBUF[0]_inst/O
                         net (fo=4, routed)           0.380     0.560    sel_IBUF[0]
    SLICE_X0Y7           LUT5 (Prop_lut5_I2_O)        0.045     0.605 r  result_OBUF[0]_inst_i_1/O
                         net (fo=2, routed)           0.462     1.067    result_OBUF[0]
    V17                  OBUF (Prop_obuf_I_O)         1.118     2.184 r  result_OBUF[0]_inst/O
                         net (fo=0)                   0.000     2.184    result[0]
    V17                                                               r  result[0]
  -------------------------------------------------------------------    -------------------

Slack:                    inf
  Source:                 sel[0]
                            (input port)
  Destination:            result[1]
                            (output port)
  Path Group:             (none)
  Path Type:              Min at Fast Process Corner
  Data Path Delay:        2.191ns  (logic 1.351ns (61.675%)  route 0.840ns (38.325%))
  Logic Levels:           3  (IBUF=1 LUT5=1 OBUF=1)

    Location             Delay type                Incr(ns)  Path(ns)    Netlist Resource(s)
  -------------------------------------------------------------------    -------------------
    V15                                               0.000     0.000 r  sel[0]
                         net (fo=0)                   0.000     0.000    sel[0]
    V15                  IBUF (Prop_ibuf_I_O)         0.180     0.180 r  sel_IBUF[0]_inst/O
                         net (fo=4, routed)           0.379     0.559    sel_IBUF[0]
    SLICE_X0Y7           LUT5 (Prop_lut5_I2_O)        0.045     0.604 r  result_OBUF[1]_inst_i_1/O
                         net (fo=2, routed)           0.461     1.065    result_OBUF[1]
    V16                  OBUF (Prop_obuf_I_O)         1.126     2.191 r  result_OBUF[1]_inst/O
                         net (fo=0)                   0.000     2.191    result[1]
    V16                                                               r  result[1]
  -------------------------------------------------------------------    -------------------

Slack:                    inf
  Source:                 sel[0]
                            (input port)
  Destination:            result[3]
                            (output port)
  Path Group:             (none)
  Path Type:              Min at Fast Process Corner
  Data Path Delay:        2.269ns  (logic 1.342ns (59.174%)  route 0.926ns (40.826%))
  Logic Levels:           3  (IBUF=1 LUT5=1 OBUF=1)

    Location             Delay type                Incr(ns)  Path(ns)    Netlist Resource(s)
  -------------------------------------------------------------------    -------------------
    V15                                               0.000     0.000 r  sel[0]
                         net (fo=0)                   0.000     0.000    sel[0]
    V15                  IBUF (Prop_ibuf_I_O)         0.180     0.180 r  sel_IBUF[0]_inst/O
                         net (fo=4, routed)           0.381     0.561    sel_IBUF[0]
    SLICE_X0Y7           LUT5 (Prop_lut5_I2_O)        0.045     0.606 r  result_OBUF[3]_inst_i_1/O
                         net (fo=2, routed)           0.545     1.151    result_OBUF[3]
    U17                  OBUF (Prop_obuf_I_O)         1.117     2.269 r  result_OBUF[3]_inst/O
                         net (fo=0)                   0.000     2.269    result[3]
    U17                                                               r  result[3]
  -------------------------------------------------------------------    -------------------

Slack:                    inf
  Source:                 sel[1]
                            (input port)
  Destination:            result[2]
                            (output port)
  Path Group:             (none)
  Path Type:              Min at Fast Process Corner
  Data Path Delay:        2.289ns  (logic 1.314ns (57.401%)  route 0.975ns (42.599%))
  Logic Levels:           3  (IBUF=1 LUT5=1 OBUF=1)

    Location             Delay type                Incr(ns)  Path(ns)    Netlist Resource(s)
  -------------------------------------------------------------------    -------------------
    W17                                               0.000     0.000 r  sel[1]
                         net (fo=0)                   0.000     0.000    sel[1]
    W17                  IBUF (Prop_ibuf_I_O)         0.163     0.163 r  sel_IBUF[1]_inst/O
                         net (fo=4, routed)           0.476     0.639    sel_IBUF[1]
    SLICE_X0Y7           LUT5 (Prop_lut5_I0_O)        0.045     0.684 r  result_OBUF[2]_inst_i_1/O
                         net (fo=2, routed)           0.499     1.183    result_OBUF[2]
    U18                  OBUF (Prop_obuf_I_O)         1.106     2.289 r  result_OBUF[2]_inst/O
                         net (fo=0)                   0.000     2.289    result[2]
    U18                                                               r  result[2]
  -------------------------------------------------------------------    -------------------

Slack:                    inf
  Source:                 sel[1]
                            (input port)
  Destination:            zero
                            (output port)
  Path Group:             (none)
  Path Type:              Min at Fast Process Corner
  Data Path Delay:        2.388ns  (logic 1.371ns (57.425%)  route 1.017ns (42.575%))
  Logic Levels:           4  (IBUF=1 LUT4=1 LUT5=1 OBUF=1)

    Location             Delay type                Incr(ns)  Path(ns)    Netlist Resource(s)
  -------------------------------------------------------------------    -------------------
    W17                                               0.000     0.000 r  sel[1]
                         net (fo=0)                   0.000     0.000    sel[1]
    W17                  IBUF (Prop_ibuf_I_O)         0.163     0.163 r  sel_IBUF[1]_inst/O
                         net (fo=4, routed)           0.476     0.639    sel_IBUF[1]
    SLICE_X0Y7           LUT5 (Prop_lut5_I0_O)        0.045     0.684 f  result_OBUF[2]_inst_i_1/O
                         net (fo=2, routed)           0.189     0.873    result_OBUF[2]
    SLICE_X0Y11          LUT4 (Prop_lut4_I0_O)        0.045     0.918 r  zero_OBUF_inst_i_1/O
                         net (fo=1, routed)           0.351     1.269    zero_OBUF
    T18                  OBUF (Prop_obuf_I_O)         1.119     2.388 r  zero_OBUF_inst/O
                         net (fo=0)                   0.000     2.388    zero
    T18                                                               r  zero
  -------------------------------------------------------------------    -------------------





