Copyright 1986-2022 Xilinx, Inc. All Rights Reserved. Copyright 2022-2026 Advanced Micro Devices, Inc. All Rights Reserved.
----------------------------------------------------------------------------------------------------------------------------------------------
| Tool Version : Vivado v.2026.1 (win64) Build 6511674 Tue Jun 16 11:02:23 MDT 2026
| Date         : Tue Sep 15 21:10:50 2026
| Host         : HP_PAVILLION running 64-bit major release  (build 9200)
| Command      : report_utilization -hierarchical -file {C:/Users/Test/Vivado_projects/4-bit ALU Design/reports/utilization_hierarchical.rpt}
| Design       : logic_unit
| Device       : xc7a35tcpg236-1
| Speed File   : -1
| Design State : Routed
----------------------------------------------------------------------------------------------------------------------------------------------

Utilization Design Information

Table of Contents
-----------------
1. Utilization by Hierarchy

1. Utilization by Hierarchy
---------------------------

+------------+--------+------------+------------+---------+------+-----+--------+--------+------------+
|  Instance  | Module | Total LUTs | Logic LUTs | LUTRAMs | SRLs | FFs | RAMB36 | RAMB18 | DSP Blocks |
+------------+--------+------------+------------+---------+------+-----+--------+--------+------------+
| logic_unit |  (top) |          5 |          5 |       0 |    0 |   0 |      0 |      0 |          0 |
+------------+--------+------------+------------+---------+------+-----+--------+--------+------------+
* Note: The sum of lower-level cells may be larger than their parent cells total, due to cross-hierarchy LUT combining


